// Jest Snapshot v1, https://goo.gl/fbAQLP

exports[`SearchBar has the expected structure 1`] = `<!---->`;
